------------------------------------------------------------
TimeQuest Timing Analyzer Summary
------------------------------------------------------------

Type  : Slow 1100mV 85C Model Setup 'CLOCK_50'
Slack : -3.477
TNS   : -29.344

Type  : Slow 1100mV 85C Model Setup 'part2:u0|datapath:D0|delay_counter:d0|out'
Slack : -1.691
TNS   : -4.761

Type  : Slow 1100mV 85C Model Setup 'u0|a0|mypll|altpll_component|auto_generated|generic_pll1~PLL_OUTPUT_COUNTER|divclk'
Slack : 34.170
TNS   : 0.000

Type  : Slow 1100mV 85C Model Hold 'CLOCK_50'
Slack : 0.351
TNS   : 0.000

Type  : Slow 1100mV 85C Model Hold 'u0|a0|mypll|altpll_component|auto_generated|generic_pll1~PLL_OUTPUT_COUNTER|divclk'
Slack : 0.547
TNS   : 0.000

Type  : Slow 1100mV 85C Model Hold 'part2:u0|datapath:D0|delay_counter:d0|out'
Slack : 0.844
TNS   : 0.000

Type  : Slow 1100mV 85C Model Minimum Pulse Width 'part2:u0|datapath:D0|delay_counter:d0|out'
Slack : -0.724
TNS   : -3.311

Type  : Slow 1100mV 85C Model Minimum Pulse Width 'u0|a0|mypll|altpll_component|auto_generated|generic_pll1~FRACTIONAL_PLL|vcoph[0]'
Slack : 1.666
TNS   : 0.000

Type  : Slow 1100mV 85C Model Minimum Pulse Width 'CLOCK_50'
Slack : 8.427
TNS   : 0.000

Type  : Slow 1100mV 85C Model Minimum Pulse Width 'u0|a0|mypll|altpll_component|auto_generated|generic_pll1~PLL_OUTPUT_COUNTER|divclk'
Slack : 18.401
TNS   : 0.000

Type  : Slow 1100mV 0C Model Setup 'CLOCK_50'
Slack : -3.286
TNS   : -23.488

Type  : Slow 1100mV 0C Model Setup 'part2:u0|datapath:D0|delay_counter:d0|out'
Slack : -1.686
TNS   : -4.783

Type  : Slow 1100mV 0C Model Setup 'u0|a0|mypll|altpll_component|auto_generated|generic_pll1~PLL_OUTPUT_COUNTER|divclk'
Slack : 34.065
TNS   : 0.000

Type  : Slow 1100mV 0C Model Hold 'CLOCK_50'
Slack : -0.144
TNS   : -1.587

Type  : Slow 1100mV 0C Model Hold 'u0|a0|mypll|altpll_component|auto_generated|generic_pll1~PLL_OUTPUT_COUNTER|divclk'
Slack : 0.546
TNS   : 0.000

Type  : Slow 1100mV 0C Model Hold 'part2:u0|datapath:D0|delay_counter:d0|out'
Slack : 0.760
TNS   : 0.000

Type  : Slow 1100mV 0C Model Minimum Pulse Width 'part2:u0|datapath:D0|delay_counter:d0|out'
Slack : -0.724
TNS   : -3.310

Type  : Slow 1100mV 0C Model Minimum Pulse Width 'u0|a0|mypll|altpll_component|auto_generated|generic_pll1~FRACTIONAL_PLL|vcoph[0]'
Slack : 1.666
TNS   : 0.000

Type  : Slow 1100mV 0C Model Minimum Pulse Width 'CLOCK_50'
Slack : 8.348
TNS   : 0.000

Type  : Slow 1100mV 0C Model Minimum Pulse Width 'u0|a0|mypll|altpll_component|auto_generated|generic_pll1~PLL_OUTPUT_COUNTER|divclk'
Slack : 18.366
TNS   : 0.000

Type  : Fast 1100mV 85C Model Setup 'CLOCK_50'
Slack : -2.350
TNS   : -12.026

Type  : Fast 1100mV 85C Model Setup 'part2:u0|datapath:D0|delay_counter:d0|out'
Slack : -0.377
TNS   : -1.057

Type  : Fast 1100mV 85C Model Setup 'u0|a0|mypll|altpll_component|auto_generated|generic_pll1~PLL_OUTPUT_COUNTER|divclk'
Slack : 37.546
TNS   : 0.000

Type  : Fast 1100mV 85C Model Hold 'CLOCK_50'
Slack : -0.039
TNS   : -0.424

Type  : Fast 1100mV 85C Model Hold 'u0|a0|mypll|altpll_component|auto_generated|generic_pll1~PLL_OUTPUT_COUNTER|divclk'
Slack : 0.243
TNS   : 0.000

Type  : Fast 1100mV 85C Model Hold 'part2:u0|datapath:D0|delay_counter:d0|out'
Slack : 0.280
TNS   : 0.000

Type  : Fast 1100mV 85C Model Minimum Pulse Width 'part2:u0|datapath:D0|delay_counter:d0|out'
Slack : 0.143
TNS   : 0.000

Type  : Fast 1100mV 85C Model Minimum Pulse Width 'u0|a0|mypll|altpll_component|auto_generated|generic_pll1~FRACTIONAL_PLL|vcoph[0]'
Slack : 1.666
TNS   : 0.000

Type  : Fast 1100mV 85C Model Minimum Pulse Width 'CLOCK_50'
Slack : 8.805
TNS   : 0.000

Type  : Fast 1100mV 85C Model Minimum Pulse Width 'u0|a0|mypll|altpll_component|auto_generated|generic_pll1~PLL_OUTPUT_COUNTER|divclk'
Slack : 18.886
TNS   : 0.000

Type  : Fast 1100mV 0C Model Setup 'CLOCK_50'
Slack : -1.918
TNS   : -7.588

Type  : Fast 1100mV 0C Model Setup 'part2:u0|datapath:D0|delay_counter:d0|out'
Slack : -0.300
TNS   : -0.853

Type  : Fast 1100mV 0C Model Setup 'u0|a0|mypll|altpll_component|auto_generated|generic_pll1~PLL_OUTPUT_COUNTER|divclk'
Slack : 37.742
TNS   : 0.000

Type  : Fast 1100mV 0C Model Hold 'CLOCK_50'
Slack : -0.239
TNS   : -2.866

Type  : Fast 1100mV 0C Model Hold 'u0|a0|mypll|altpll_component|auto_generated|generic_pll1~PLL_OUTPUT_COUNTER|divclk'
Slack : 0.226
TNS   : 0.000

Type  : Fast 1100mV 0C Model Hold 'part2:u0|datapath:D0|delay_counter:d0|out'
Slack : 0.235
TNS   : 0.000

Type  : Fast 1100mV 0C Model Minimum Pulse Width 'part2:u0|datapath:D0|delay_counter:d0|out'
Slack : 0.143
TNS   : 0.000

Type  : Fast 1100mV 0C Model Minimum Pulse Width 'u0|a0|mypll|altpll_component|auto_generated|generic_pll1~FRACTIONAL_PLL|vcoph[0]'
Slack : 1.666
TNS   : 0.000

Type  : Fast 1100mV 0C Model Minimum Pulse Width 'CLOCK_50'
Slack : 8.797
TNS   : 0.000

Type  : Fast 1100mV 0C Model Minimum Pulse Width 'u0|a0|mypll|altpll_component|auto_generated|generic_pll1~PLL_OUTPUT_COUNTER|divclk'
Slack : 18.888
TNS   : 0.000

------------------------------------------------------------
