------------------------------------------------------------
TimeQuest Timing Analyzer Summary
------------------------------------------------------------

Type  : Slow 1100mV 85C Model Setup 'CLOCK_50'
Slack : 17.585
TNS   : 0.000

Type  : Slow 1100mV 85C Model Setup 'u0|a0|mypll|altpll_component|auto_generated|generic_pll1~PLL_OUTPUT_COUNTER|divclk'
Slack : 34.328
TNS   : 0.000

Type  : Slow 1100mV 85C Model Hold 'u0|a0|mypll|altpll_component|auto_generated|generic_pll1~PLL_OUTPUT_COUNTER|divclk'
Slack : 0.531
TNS   : 0.000

Type  : Slow 1100mV 85C Model Hold 'CLOCK_50'
Slack : 1.013
TNS   : 0.000

Type  : Slow 1100mV 85C Model Minimum Pulse Width 'u0|a0|mypll|altpll_component|auto_generated|generic_pll1~FRACTIONAL_PLL|vcoph[0]'
Slack : 1.666
TNS   : 0.000

Type  : Slow 1100mV 85C Model Minimum Pulse Width 'CLOCK_50'
Slack : 8.449
TNS   : 0.000

Type  : Slow 1100mV 85C Model Minimum Pulse Width 'u0|a0|mypll|altpll_component|auto_generated|generic_pll1~PLL_OUTPUT_COUNTER|divclk'
Slack : 18.427
TNS   : 0.000

Type  : Slow 1100mV 0C Model Setup 'CLOCK_50'
Slack : 17.726
TNS   : 0.000

Type  : Slow 1100mV 0C Model Setup 'u0|a0|mypll|altpll_component|auto_generated|generic_pll1~PLL_OUTPUT_COUNTER|divclk'
Slack : 34.277
TNS   : 0.000

Type  : Slow 1100mV 0C Model Hold 'u0|a0|mypll|altpll_component|auto_generated|generic_pll1~PLL_OUTPUT_COUNTER|divclk'
Slack : 0.554
TNS   : 0.000

Type  : Slow 1100mV 0C Model Hold 'CLOCK_50'
Slack : 0.889
TNS   : 0.000

Type  : Slow 1100mV 0C Model Minimum Pulse Width 'u0|a0|mypll|altpll_component|auto_generated|generic_pll1~FRACTIONAL_PLL|vcoph[0]'
Slack : 1.666
TNS   : 0.000

Type  : Slow 1100mV 0C Model Minimum Pulse Width 'CLOCK_50'
Slack : 8.359
TNS   : 0.000

Type  : Slow 1100mV 0C Model Minimum Pulse Width 'u0|a0|mypll|altpll_component|auto_generated|generic_pll1~PLL_OUTPUT_COUNTER|divclk'
Slack : 18.374
TNS   : 0.000

Type  : Fast 1100mV 85C Model Setup 'CLOCK_50'
Slack : 18.851
TNS   : 0.000

Type  : Fast 1100mV 85C Model Setup 'u0|a0|mypll|altpll_component|auto_generated|generic_pll1~PLL_OUTPUT_COUNTER|divclk'
Slack : 37.399
TNS   : 0.000

Type  : Fast 1100mV 85C Model Hold 'u0|a0|mypll|altpll_component|auto_generated|generic_pll1~PLL_OUTPUT_COUNTER|divclk'
Slack : 0.240
TNS   : 0.000

Type  : Fast 1100mV 85C Model Hold 'CLOCK_50'
Slack : 0.416
TNS   : 0.000

Type  : Fast 1100mV 85C Model Minimum Pulse Width 'u0|a0|mypll|altpll_component|auto_generated|generic_pll1~FRACTIONAL_PLL|vcoph[0]'
Slack : 1.666
TNS   : 0.000

Type  : Fast 1100mV 85C Model Minimum Pulse Width 'CLOCK_50'
Slack : 8.803
TNS   : 0.000

Type  : Fast 1100mV 85C Model Minimum Pulse Width 'u0|a0|mypll|altpll_component|auto_generated|generic_pll1~PLL_OUTPUT_COUNTER|divclk'
Slack : 18.895
TNS   : 0.000

Type  : Fast 1100mV 0C Model Setup 'CLOCK_50'
Slack : 18.979
TNS   : 0.000

Type  : Fast 1100mV 0C Model Setup 'u0|a0|mypll|altpll_component|auto_generated|generic_pll1~PLL_OUTPUT_COUNTER|divclk'
Slack : 37.666
TNS   : 0.000

Type  : Fast 1100mV 0C Model Hold 'u0|a0|mypll|altpll_component|auto_generated|generic_pll1~PLL_OUTPUT_COUNTER|divclk'
Slack : 0.214
TNS   : 0.000

Type  : Fast 1100mV 0C Model Hold 'CLOCK_50'
Slack : 0.340
TNS   : 0.000

Type  : Fast 1100mV 0C Model Minimum Pulse Width 'u0|a0|mypll|altpll_component|auto_generated|generic_pll1~FRACTIONAL_PLL|vcoph[0]'
Slack : 1.666
TNS   : 0.000

Type  : Fast 1100mV 0C Model Minimum Pulse Width 'CLOCK_50'
Slack : 8.794
TNS   : 0.000

Type  : Fast 1100mV 0C Model Minimum Pulse Width 'u0|a0|mypll|altpll_component|auto_generated|generic_pll1~PLL_OUTPUT_COUNTER|divclk'
Slack : 18.894
TNS   : 0.000

------------------------------------------------------------
